[2026-09-15 11:15:29] Kitchen NFE100 full eval start. log=/home/daffa/Documents/experiment/logs/kitchen_nfe100_20260915_111529.log
[2026-09-15 11:15:29] episodes=100 device=cuda:0 sampling_seed=0 warmup=10 dry_run=1 model=flowpolicy
[2026-09-15 11:15:29] nfe_list=1 2 3 4 5 6 7 8 9 10 11 12 13 14 15 16 17 18 19 20 21 22 23 24 25 26 27 28 29 30 31 32 100
[2026-09-15 11:15:29] FlowPolicy baseline_42: /home/daffa/Documents/experiment/kripsy12/FlowPolicy/data/outputs/seed42/runs/baseline_seed42_standard/checkpoints/best_val.ckpt
[2026-09-15 11:15:29] FlowPolicy baseline_43: /home/daffa/Documents/experiment/kripsy12/FlowPolicy/data/outputs/seed43/runs/baseline_seed43_standard/checkpoints/best_val.ckpt
[2026-09-15 11:15:29] FlowPolicy baseline_44: /home/daffa/Documents/experiment/kripsy12/FlowPolicy/data/outputs/seed44/runs/checkpoints/best_val.ckpt
[2026-09-15 11:15:29] SKIP flowpolicy baseline_42 nfe=1 (exists)
[2026-09-15 11:15:29] SKIP flowpolicy baseline_42 nfe=2 (exists)
[2026-09-15 11:15:29] SKIP flowpolicy baseline_42 nfe=3 (exists)
[2026-09-15 11:15:29] SKIP flowpolicy baseline_42 nfe=4 (exists)
[2026-09-15 11:15:29] SKIP flowpolicy baseline_42 nfe=5 (exists)
[2026-09-15 11:15:29] SKIP flowpolicy baseline_42 nfe=6 (exists)
[2026-09-15 11:15:29] SKIP flowpolicy baseline_42 nfe=7 (exists)
[2026-09-15 11:15:29] SKIP flowpolicy baseline_42 nfe=8 (exists)
[2026-09-15 11:15:29] SKIP flowpolicy baseline_42 nfe=9 (exists)
[2026-09-15 11:15:29] SKIP flowpolicy baseline_42 nfe=10 (exists)
[2026-09-15 11:15:29] SKIP flowpolicy baseline_42 nfe=11 (exists)
[2026-09-15 11:15:29] SKIP flowpolicy baseline_42 nfe=12 (exists)
[2026-09-15 11:15:29] SKIP flowpolicy baseline_42 nfe=13 (exists)
[2026-09-15 11:15:29] SKIP flowpolicy baseline_42 nfe=14 (exists)
[2026-09-15 11:15:29] SKIP flowpolicy baseline_42 nfe=15 (exists)
[2026-09-15 11:15:29] SKIP flowpolicy baseline_42 nfe=16 (exists)
[2026-09-15 11:15:29] SKIP flowpolicy baseline_42 nfe=17 (exists)
[2026-09-15 11:15:29] SKIP flowpolicy baseline_42 nfe=18 (exists)
[2026-09-15 11:15:29] SKIP flowpolicy baseline_42 nfe=19 (exists)
[2026-09-15 11:15:29] SKIP flowpolicy baseline_42 nfe=20 (exists)
[2026-09-15 11:15:29] SKIP flowpolicy baseline_42 nfe=21 (exists)
[2026-09-15 11:15:29] SKIP flowpolicy baseline_42 nfe=22 (exists)
[2026-09-15 11:15:29] SKIP flowpolicy baseline_42 nfe=23 (exists)
[2026-09-15 11:15:29] SKIP flowpolicy baseline_42 nfe=24 (exists)
[2026-09-15 11:15:29] SKIP flowpolicy baseline_42 nfe=25 (exists)
[2026-09-15 11:15:29] SKIP flowpolicy baseline_42 nfe=26 (exists)
[2026-09-15 11:15:29] SKIP flowpolicy baseline_42 nfe=27 (exists)
[2026-09-15 11:15:29] SKIP flowpolicy baseline_42 nfe=28 (exists)
[2026-09-15 11:15:29] SKIP flowpolicy baseline_42 nfe=29 (exists)
[2026-09-15 11:15:29] SKIP flowpolicy baseline_42 nfe=30 (exists)
[2026-09-15 11:15:29] SKIP flowpolicy baseline_42 nfe=31 (exists)
[2026-09-15 11:15:29] SKIP flowpolicy baseline_42 nfe=32 (exists)
[2026-09-15 11:15:29] SKIP flowpolicy baseline_42 nfe=100 (exists)
[2026-09-15 11:15:29] SKIP flowpolicy baseline_43 nfe=1 (exists)
[2026-09-15 11:15:29] SKIP flowpolicy baseline_43 nfe=2 (exists)
[2026-09-15 11:15:29] SKIP flowpolicy baseline_43 nfe=3 (exists)
[2026-09-15 11:15:29] SKIP flowpolicy baseline_43 nfe=4 (exists)
[2026-09-15 11:15:29] SKIP flowpolicy baseline_43 nfe=5 (exists)
[2026-09-15 11:15:29] SKIP flowpolicy baseline_43 nfe=6 (exists)
[2026-09-15 11:15:29] SKIP flowpolicy baseline_43 nfe=7 (exists)
[2026-09-15 11:15:29] SKIP flowpolicy baseline_43 nfe=8 (exists)
[2026-09-15 11:15:29] SKIP flowpolicy baseline_43 nfe=9 (exists)
[2026-09-15 11:15:29] SKIP flowpolicy baseline_43 nfe=10 (exists)
[2026-09-15 11:15:29] SKIP flowpolicy baseline_43 nfe=11 (exists)
[2026-09-15 11:15:29] SKIP flowpolicy baseline_43 nfe=12 (exists)
[2026-09-15 11:15:29] SKIP flowpolicy baseline_43 nfe=13 (exists)
[2026-09-15 11:15:29] SKIP flowpolicy baseline_43 nfe=14 (exists)
[2026-09-15 11:15:29] SKIP flowpolicy baseline_43 nfe=15 (exists)
[2026-09-15 11:15:29] SKIP flowpolicy baseline_43 nfe=16 (exists)
[2026-09-15 11:15:29] SKIP flowpolicy baseline_43 nfe=17 (exists)
[2026-09-15 11:15:29] SKIP flowpolicy baseline_43 nfe=18 (exists)
[2026-09-15 11:15:29] SKIP flowpolicy baseline_43 nfe=19 (exists)
[2026-09-15 11:15:29] SKIP flowpolicy baseline_43 nfe=20 (exists)
[2026-09-15 11:15:29] SKIP flowpolicy baseline_43 nfe=21 (exists)
[2026-09-15 11:15:29] SKIP flowpolicy baseline_43 nfe=22 (exists)
[2026-09-15 11:15:29] SKIP flowpolicy baseline_43 nfe=23 (exists)
[2026-09-15 11:15:29] SKIP flowpolicy baseline_43 nfe=24 (exists)
[2026-09-15 11:15:29] SKIP flowpolicy baseline_43 nfe=25 (exists)
[2026-09-15 11:15:29] SKIP flowpolicy baseline_43 nfe=26 (exists)
[2026-09-15 11:15:29] SKIP flowpolicy baseline_43 nfe=27 (exists)
[2026-09-15 11:15:29] SKIP flowpolicy baseline_43 nfe=28 (exists)
[2026-09-15 11:15:29] SKIP flowpolicy baseline_43 nfe=29 (exists)
[2026-09-15 11:15:29] SKIP flowpolicy baseline_43 nfe=30 (exists)
[2026-09-15 11:15:29] SKIP flowpolicy baseline_43 nfe=31 (exists)
[2026-09-15 11:15:29] SKIP flowpolicy baseline_43 nfe=32 (exists)
[2026-09-15 11:15:29] SKIP flowpolicy baseline_43 nfe=100 (exists)
[2026-09-15 11:15:29] SKIP flowpolicy baseline_44 nfe=1 (exists)
[2026-09-15 11:15:29] SKIP flowpolicy baseline_44 nfe=2 (exists)
[2026-09-15 11:15:29] SKIP flowpolicy baseline_44 nfe=3 (exists)
[2026-09-15 11:15:29] SKIP flowpolicy baseline_44 nfe=4 (exists)
[2026-09-15 11:15:29] SKIP flowpolicy baseline_44 nfe=5 (exists)
[2026-09-15 11:15:29] SKIP flowpolicy baseline_44 nfe=6 (exists)
[2026-09-15 11:15:29] SKIP flowpolicy baseline_44 nfe=7 (exists)
[2026-09-15 11:15:29] SKIP flowpolicy baseline_44 nfe=8 (exists)
[2026-09-15 11:15:29] SKIP flowpolicy baseline_44 nfe=9 (exists)
[2026-09-15 11:15:29] SKIP flowpolicy baseline_44 nfe=10 (exists)
[2026-09-15 11:15:29] SKIP flowpolicy baseline_44 nfe=11 (exists)
[2026-09-15 11:15:29] SKIP flowpolicy baseline_44 nfe=12 (exists)
[2026-09-15 11:15:29] SKIP flowpolicy baseline_44 nfe=13 (exists)
[2026-09-15 11:15:29] SKIP flowpolicy baseline_44 nfe=14 (exists)
[2026-09-15 11:15:29] SKIP flowpolicy baseline_44 nfe=15 (exists)
[2026-09-15 11:15:29] SKIP flowpolicy baseline_44 nfe=16 (exists)
[2026-09-15 11:15:29] SKIP flowpolicy baseline_44 nfe=17 (exists)
[2026-09-15 11:15:30] SKIP flowpolicy baseline_44 nfe=18 (exists)
[2026-09-15 11:15:30] SKIP flowpolicy baseline_44 nfe=19 (exists)
[2026-09-15 11:15:30] SKIP flowpolicy baseline_44 nfe=20 (exists)
[2026-09-15 11:15:30] SKIP flowpolicy baseline_44 nfe=21 (exists)
[2026-09-15 11:15:30] SKIP flowpolicy baseline_44 nfe=22 (exists)
[2026-09-15 11:15:30] SKIP flowpolicy baseline_44 nfe=23 (exists)
[2026-09-15 11:15:30] SKIP flowpolicy baseline_44 nfe=24 (exists)
[2026-09-15 11:15:30] SKIP flowpolicy baseline_44 nfe=25 (exists)
[2026-09-15 11:15:30] SKIP flowpolicy baseline_44 nfe=26 (exists)
[2026-09-15 11:15:30] SKIP flowpolicy baseline_44 nfe=27 (exists)
[2026-09-15 11:15:30] SKIP flowpolicy baseline_44 nfe=28 (exists)
[2026-09-15 11:15:30] SKIP flowpolicy baseline_44 nfe=29 (exists)
[2026-09-15 11:15:30] SKIP flowpolicy baseline_44 nfe=30 (exists)
[2026-09-15 11:15:30] SKIP flowpolicy baseline_44 nfe=31 (exists)
[2026-09-15 11:15:30] SKIP flowpolicy baseline_44 nfe=32 (exists)
[2026-09-15 11:15:30] SKIP flowpolicy baseline_44 nfe=100 (exists)
[2026-09-15 11:15:30] DRY-RUN complete (no eval / no analyze).
