[2026-09-10 15:56:06] Kitchen NFE100 full eval start. log=/home/daffa/Documents/experiment/logs/kitchen_nfe100_20260910_155606.log
[2026-09-10 15:56:06] episodes=100 device=cuda:0 sampling_seed=0 dry_run=1 model=baselines
[2026-09-10 15:56:06] nfe_list=1 8 32 100
[2026-09-10 15:56:06] BET train0: /home/daffa/Documents/experiment/diffusion_policy/data/behavior_transformer/train0/epoch=1750-test_mean_score=0.403.ckpt
[2026-09-10 15:56:06] BET train1: /home/daffa/Documents/experiment/diffusion_policy/data/behavior_transformer/train1/epoch=1650-test_mean_score=0.400.ckpt
[2026-09-10 15:56:06] BET train2: /home/daffa/Documents/experiment/diffusion_policy/data/behavior_transformer/train2/epoch=5950-test_mean_score=0.414.ckpt
[2026-09-10 15:56:06] IBC train0: /home/daffa/Documents/experiment/diffusion_policy/data/implicit_behavior_cloning/train0/epoch=2200-test_mean_score=0.049.ckpt
[2026-09-10 15:56:06] IBC train1: /home/daffa/Documents/experiment/diffusion_policy/data/implicit_behavior_cloning/train1/epoch=0700-test_mean_score=0.043.ckpt
[2026-09-10 15:56:06] IBC train2: /home/daffa/Documents/experiment/diffusion_policy/data/implicit_behavior_cloning/train2/epoch=2000-test_mean_score=0.023.ckpt
[2026-09-10 15:56:06] LSTM_GMM train0: /home/daffa/Documents/experiment/diffusion_policy/data/LSTM_GMM/train0/epoch=4800-test_mean_score=0.466.ckpt
[2026-09-10 15:56:06] LSTM_GMM train1: /home/daffa/Documents/experiment/diffusion_policy/data/LSTM_GMM/train1/epoch=3800-test_mean_score=0.466.ckpt
[2026-09-10 15:56:06] LSTM_GMM train2: /home/daffa/Documents/experiment/diffusion_policy/data/LSTM_GMM/train2/epoch=2100-test_mean_score=0.500.ckpt
[2026-09-10 15:56:06] RUN behavior_transformer seed=train0 nfe=1 eps=100
[2026-09-10 15:56:06]   DRY-RUN ckpt=/home/daffa/Documents/experiment/diffusion_policy/data/behavior_transformer/train0/epoch=1750-test_mean_score=0.403.ckpt
[2026-09-10 15:56:06]   DRY-RUN out=/home/daffa/Documents/experiment/diffusion_policy/data/kitchen_eval_nfe100/behavior_transformer/seed_train0_nfe1_sseed0
[2026-09-10 15:56:06] RUN behavior_transformer seed=train1 nfe=1 eps=100
[2026-09-10 15:56:06]   DRY-RUN ckpt=/home/daffa/Documents/experiment/diffusion_policy/data/behavior_transformer/train1/epoch=1650-test_mean_score=0.400.ckpt
[2026-09-10 15:56:06]   DRY-RUN out=/home/daffa/Documents/experiment/diffusion_policy/data/kitchen_eval_nfe100/behavior_transformer/seed_train1_nfe1_sseed0
[2026-09-10 15:56:06] RUN behavior_transformer seed=train2 nfe=1 eps=100
[2026-09-10 15:56:06]   DRY-RUN ckpt=/home/daffa/Documents/experiment/diffusion_policy/data/behavior_transformer/train2/epoch=5950-test_mean_score=0.414.ckpt
[2026-09-10 15:56:06]   DRY-RUN out=/home/daffa/Documents/experiment/diffusion_policy/data/kitchen_eval_nfe100/behavior_transformer/seed_train2_nfe1_sseed0
[2026-09-10 15:56:06] RUN LSTM_GMM seed=train0 nfe=1 eps=100
[2026-09-10 15:56:06]   DRY-RUN ckpt=/home/daffa/Documents/experiment/diffusion_policy/data/LSTM_GMM/train0/epoch=4800-test_mean_score=0.466.ckpt
[2026-09-10 15:56:06]   DRY-RUN out=/home/daffa/Documents/experiment/diffusion_policy/data/kitchen_eval_nfe100/LSTM_GMM/seed_train0_nfe1_sseed0
[2026-09-10 15:56:06] RUN LSTM_GMM seed=train1 nfe=1 eps=100
[2026-09-10 15:56:06]   DRY-RUN ckpt=/home/daffa/Documents/experiment/diffusion_policy/data/LSTM_GMM/train1/epoch=3800-test_mean_score=0.466.ckpt
[2026-09-10 15:56:06]   DRY-RUN out=/home/daffa/Documents/experiment/diffusion_policy/data/kitchen_eval_nfe100/LSTM_GMM/seed_train1_nfe1_sseed0
[2026-09-10 15:56:06] RUN LSTM_GMM seed=train2 nfe=1 eps=100
[2026-09-10 15:56:06]   DRY-RUN ckpt=/home/daffa/Documents/experiment/diffusion_policy/data/LSTM_GMM/train2/epoch=2100-test_mean_score=0.500.ckpt
[2026-09-10 15:56:06]   DRY-RUN out=/home/daffa/Documents/experiment/diffusion_policy/data/kitchen_eval_nfe100/LSTM_GMM/seed_train2_nfe1_sseed0
[2026-09-10 15:56:06] RUN implicit_behavior_cloning seed=train0 nfe=1 eps=100
[2026-09-10 15:56:06]   DRY-RUN ckpt=/home/daffa/Documents/experiment/diffusion_policy/data/implicit_behavior_cloning/train0/epoch=2200-test_mean_score=0.049.ckpt
[2026-09-10 15:56:06]   DRY-RUN out=/home/daffa/Documents/experiment/diffusion_policy/data/kitchen_eval_nfe100/implicit_behavior_cloning/seed_train0_nfe1_sseed0
[2026-09-10 15:56:06] RUN implicit_behavior_cloning seed=train0 nfe=8 eps=100
[2026-09-10 15:56:06]   DRY-RUN ckpt=/home/daffa/Documents/experiment/diffusion_policy/data/implicit_behavior_cloning/train0/epoch=2200-test_mean_score=0.049.ckpt
[2026-09-10 15:56:06]   DRY-RUN out=/home/daffa/Documents/experiment/diffusion_policy/data/kitchen_eval_nfe100/implicit_behavior_cloning/seed_train0_nfe8_sseed0
[2026-09-10 15:56:06] RUN implicit_behavior_cloning seed=train0 nfe=32 eps=100
[2026-09-10 15:56:06]   DRY-RUN ckpt=/home/daffa/Documents/experiment/diffusion_policy/data/implicit_behavior_cloning/train0/epoch=2200-test_mean_score=0.049.ckpt
[2026-09-10 15:56:06]   DRY-RUN out=/home/daffa/Documents/experiment/diffusion_policy/data/kitchen_eval_nfe100/implicit_behavior_cloning/seed_train0_nfe32_sseed0
[2026-09-10 15:56:06] RUN implicit_behavior_cloning seed=train0 nfe=100 eps=100
[2026-09-10 15:56:06]   DRY-RUN ckpt=/home/daffa/Documents/experiment/diffusion_policy/data/implicit_behavior_cloning/train0/epoch=2200-test_mean_score=0.049.ckpt
[2026-09-10 15:56:06]   DRY-RUN out=/home/daffa/Documents/experiment/diffusion_policy/data/kitchen_eval_nfe100/implicit_behavior_cloning/seed_train0_nfe100_sseed0
[2026-09-10 15:56:06] RUN implicit_behavior_cloning seed=train1 nfe=1 eps=100
[2026-09-10 15:56:06]   DRY-RUN ckpt=/home/daffa/Documents/experiment/diffusion_policy/data/implicit_behavior_cloning/train1/epoch=0700-test_mean_score=0.043.ckpt
[2026-09-10 15:56:06]   DRY-RUN out=/home/daffa/Documents/experiment/diffusion_policy/data/kitchen_eval_nfe100/implicit_behavior_cloning/seed_train1_nfe1_sseed0
[2026-09-10 15:56:06] RUN implicit_behavior_cloning seed=train1 nfe=8 eps=100
[2026-09-10 15:56:06]   DRY-RUN ckpt=/home/daffa/Documents/experiment/diffusion_policy/data/implicit_behavior_cloning/train1/epoch=0700-test_mean_score=0.043.ckpt
[2026-09-10 15:56:06]   DRY-RUN out=/home/daffa/Documents/experiment/diffusion_policy/data/kitchen_eval_nfe100/implicit_behavior_cloning/seed_train1_nfe8_sseed0
[2026-09-10 15:56:06] RUN implicit_behavior_cloning seed=train1 nfe=32 eps=100
[2026-09-10 15:56:06]   DRY-RUN ckpt=/home/daffa/Documents/experiment/diffusion_policy/data/implicit_behavior_cloning/train1/epoch=0700-test_mean_score=0.043.ckpt
[2026-09-10 15:56:06]   DRY-RUN out=/home/daffa/Documents/experiment/diffusion_policy/data/kitchen_eval_nfe100/implicit_behavior_cloning/seed_train1_nfe32_sseed0
[2026-09-10 15:56:06] RUN implicit_behavior_cloning seed=train1 nfe=100 eps=100
[2026-09-10 15:56:06]   DRY-RUN ckpt=/home/daffa/Documents/experiment/diffusion_policy/data/implicit_behavior_cloning/train1/epoch=0700-test_mean_score=0.043.ckpt
[2026-09-10 15:56:06]   DRY-RUN out=/home/daffa/Documents/experiment/diffusion_policy/data/kitchen_eval_nfe100/implicit_behavior_cloning/seed_train1_nfe100_sseed0
[2026-09-10 15:56:06] RUN implicit_behavior_cloning seed=train2 nfe=1 eps=100
[2026-09-10 15:56:06]   DRY-RUN ckpt=/home/daffa/Documents/experiment/diffusion_policy/data/implicit_behavior_cloning/train2/epoch=2000-test_mean_score=0.023.ckpt
[2026-09-10 15:56:06]   DRY-RUN out=/home/daffa/Documents/experiment/diffusion_policy/data/kitchen_eval_nfe100/implicit_behavior_cloning/seed_train2_nfe1_sseed0
[2026-09-10 15:56:06] RUN implicit_behavior_cloning seed=train2 nfe=8 eps=100
[2026-09-10 15:56:06]   DRY-RUN ckpt=/home/daffa/Documents/experiment/diffusion_policy/data/implicit_behavior_cloning/train2/epoch=2000-test_mean_score=0.023.ckpt
[2026-09-10 15:56:06]   DRY-RUN out=/home/daffa/Documents/experiment/diffusion_policy/data/kitchen_eval_nfe100/implicit_behavior_cloning/seed_train2_nfe8_sseed0
[2026-09-10 15:56:06] RUN implicit_behavior_cloning seed=train2 nfe=32 eps=100
[2026-09-10 15:56:06]   DRY-RUN ckpt=/home/daffa/Documents/experiment/diffusion_policy/data/implicit_behavior_cloning/train2/epoch=2000-test_mean_score=0.023.ckpt
[2026-09-10 15:56:06]   DRY-RUN out=/home/daffa/Documents/experiment/diffusion_policy/data/kitchen_eval_nfe100/implicit_behavior_cloning/seed_train2_nfe32_sseed0
[2026-09-10 15:56:06] RUN implicit_behavior_cloning seed=train2 nfe=100 eps=100
[2026-09-10 15:56:06]   DRY-RUN ckpt=/home/daffa/Documents/experiment/diffusion_policy/data/implicit_behavior_cloning/train2/epoch=2000-test_mean_score=0.023.ckpt
[2026-09-10 15:56:06]   DRY-RUN out=/home/daffa/Documents/experiment/diffusion_policy/data/kitchen_eval_nfe100/implicit_behavior_cloning/seed_train2_nfe100_sseed0
[2026-09-10 15:56:06] DRY-RUN complete (no eval / no analyze).
