[2026-09-15 11:15:47] Kitchen NFE100 full eval start. log=/home/daffa/Documents/experiment/logs/kitchen_nfe100_20260915_111547.log
[2026-09-15 11:15:47] episodes=100 device=cuda:0 sampling_seed=0 warmup=10 dry_run=1 model=cnn
[2026-09-15 11:15:47] nfe_list=1 8 32 100
[2026-09-15 11:15:47] DP-CNN train0: /home/daffa/Documents/experiment/diffusion_policy/data/diffusion_policy_cnn/train0/epoch=1700-test_mean_score=0.580.ckpt
[2026-09-15 11:15:47] DP-CNN train1: /home/daffa/Documents/experiment/diffusion_policy/data/diffusion_policy_cnn/train1/epoch=3400-test_mean_score=0.589.ckpt
[2026-09-15 11:15:47] DP-CNN train2: /home/daffa/Documents/experiment/diffusion_policy/data/diffusion_policy_cnn/train2/epoch=4600-test_mean_score=0.580.ckpt
[2026-09-15 11:15:47] RUN diffusion_policy_cnn seed=train0 nfe=1 eps=100 warmup=10
[2026-09-15 11:15:47]   DRY-RUN ckpt=/home/daffa/Documents/experiment/diffusion_policy/data/diffusion_policy_cnn/train0/epoch=1700-test_mean_score=0.580.ckpt
[2026-09-15 11:15:47]   DRY-RUN out=/home/daffa/Documents/experiment/diffusion_policy/data/kitchen_eval_nfe100/diffusion_policy_cnn/seed_train0_nfe1_sseed0
[2026-09-15 11:15:47] RUN diffusion_policy_cnn seed=train0 nfe=8 eps=100 warmup=10
[2026-09-15 11:15:47]   DRY-RUN ckpt=/home/daffa/Documents/experiment/diffusion_policy/data/diffusion_policy_cnn/train0/epoch=1700-test_mean_score=0.580.ckpt
[2026-09-15 11:15:47]   DRY-RUN out=/home/daffa/Documents/experiment/diffusion_policy/data/kitchen_eval_nfe100/diffusion_policy_cnn/seed_train0_nfe8_sseed0
[2026-09-15 11:15:47] RUN diffusion_policy_cnn seed=train0 nfe=32 eps=100 warmup=10
[2026-09-15 11:15:47]   DRY-RUN ckpt=/home/daffa/Documents/experiment/diffusion_policy/data/diffusion_policy_cnn/train0/epoch=1700-test_mean_score=0.580.ckpt
[2026-09-15 11:15:47]   DRY-RUN out=/home/daffa/Documents/experiment/diffusion_policy/data/kitchen_eval_nfe100/diffusion_policy_cnn/seed_train0_nfe32_sseed0
[2026-09-15 11:15:47] RUN diffusion_policy_cnn seed=train0 nfe=100 eps=100 warmup=10
[2026-09-15 11:15:47]   DRY-RUN ckpt=/home/daffa/Documents/experiment/diffusion_policy/data/diffusion_policy_cnn/train0/epoch=1700-test_mean_score=0.580.ckpt
[2026-09-15 11:15:47]   DRY-RUN out=/home/daffa/Documents/experiment/diffusion_policy/data/kitchen_eval_nfe100/diffusion_policy_cnn/seed_train0_nfe100_sseed0
[2026-09-15 11:15:47] RUN diffusion_policy_cnn seed=train1 nfe=1 eps=100 warmup=10
[2026-09-15 11:15:47]   DRY-RUN ckpt=/home/daffa/Documents/experiment/diffusion_policy/data/diffusion_policy_cnn/train1/epoch=3400-test_mean_score=0.589.ckpt
[2026-09-15 11:15:47]   DRY-RUN out=/home/daffa/Documents/experiment/diffusion_policy/data/kitchen_eval_nfe100/diffusion_policy_cnn/seed_train1_nfe1_sseed0
[2026-09-15 11:15:47] RUN diffusion_policy_cnn seed=train1 nfe=8 eps=100 warmup=10
[2026-09-15 11:15:47]   DRY-RUN ckpt=/home/daffa/Documents/experiment/diffusion_policy/data/diffusion_policy_cnn/train1/epoch=3400-test_mean_score=0.589.ckpt
[2026-09-15 11:15:47]   DRY-RUN out=/home/daffa/Documents/experiment/diffusion_policy/data/kitchen_eval_nfe100/diffusion_policy_cnn/seed_train1_nfe8_sseed0
[2026-09-15 11:15:47] RUN diffusion_policy_cnn seed=train1 nfe=32 eps=100 warmup=10
[2026-09-15 11:15:47]   DRY-RUN ckpt=/home/daffa/Documents/experiment/diffusion_policy/data/diffusion_policy_cnn/train1/epoch=3400-test_mean_score=0.589.ckpt
[2026-09-15 11:15:47]   DRY-RUN out=/home/daffa/Documents/experiment/diffusion_policy/data/kitchen_eval_nfe100/diffusion_policy_cnn/seed_train1_nfe32_sseed0
[2026-09-15 11:15:47] RUN diffusion_policy_cnn seed=train1 nfe=100 eps=100 warmup=10
[2026-09-15 11:15:47]   DRY-RUN ckpt=/home/daffa/Documents/experiment/diffusion_policy/data/diffusion_policy_cnn/train1/epoch=3400-test_mean_score=0.589.ckpt
[2026-09-15 11:15:47]   DRY-RUN out=/home/daffa/Documents/experiment/diffusion_policy/data/kitchen_eval_nfe100/diffusion_policy_cnn/seed_train1_nfe100_sseed0
[2026-09-15 11:15:47] RUN diffusion_policy_cnn seed=train2 nfe=1 eps=100 warmup=10
[2026-09-15 11:15:47]   DRY-RUN ckpt=/home/daffa/Documents/experiment/diffusion_policy/data/diffusion_policy_cnn/train2/epoch=4600-test_mean_score=0.580.ckpt
[2026-09-15 11:15:47]   DRY-RUN out=/home/daffa/Documents/experiment/diffusion_policy/data/kitchen_eval_nfe100/diffusion_policy_cnn/seed_train2_nfe1_sseed0
[2026-09-15 11:15:47] RUN diffusion_policy_cnn seed=train2 nfe=8 eps=100 warmup=10
[2026-09-15 11:15:47]   DRY-RUN ckpt=/home/daffa/Documents/experiment/diffusion_policy/data/diffusion_policy_cnn/train2/epoch=4600-test_mean_score=0.580.ckpt
[2026-09-15 11:15:47]   DRY-RUN out=/home/daffa/Documents/experiment/diffusion_policy/data/kitchen_eval_nfe100/diffusion_policy_cnn/seed_train2_nfe8_sseed0
[2026-09-15 11:15:47] RUN diffusion_policy_cnn seed=train2 nfe=32 eps=100 warmup=10
[2026-09-15 11:15:47]   DRY-RUN ckpt=/home/daffa/Documents/experiment/diffusion_policy/data/diffusion_policy_cnn/train2/epoch=4600-test_mean_score=0.580.ckpt
[2026-09-15 11:15:47]   DRY-RUN out=/home/daffa/Documents/experiment/diffusion_policy/data/kitchen_eval_nfe100/diffusion_policy_cnn/seed_train2_nfe32_sseed0
[2026-09-15 11:15:47] RUN diffusion_policy_cnn seed=train2 nfe=100 eps=100 warmup=10
[2026-09-15 11:15:47]   DRY-RUN ckpt=/home/daffa/Documents/experiment/diffusion_policy/data/diffusion_policy_cnn/train2/epoch=4600-test_mean_score=0.580.ckpt
[2026-09-15 11:15:47]   DRY-RUN out=/home/daffa/Documents/experiment/diffusion_policy/data/kitchen_eval_nfe100/diffusion_policy_cnn/seed_train2_nfe100_sseed0
[2026-09-15 11:15:47] DRY-RUN complete (no eval / no analyze).
